apiVersion: v1
kind: Namespace
metadata:
  annotations:
    openshift.io/node-selector: ''
  labels:
    name: openshift-keepalived-operator
  name: openshift-keepalived-operator
