apiVersion: operators.coreos.com/v1
kind: OperatorGroup
metadata:
  annotations: {}
  labels:
    name: cluster-keepalived
  name: cluster-keepalived
  namespace: openshift-keepalived-operator
