apiVersion: operators.coreos.com/v1alpha1
kind: Subscription
metadata:
  annotations: {}
  labels:
    name: keepalived-operator
  name: keepalived-operator
  namespace: openshift-keepalived-operator
spec:
  channel: alpha
  installPlanApproval: Automatic
  name: keepalived-operator
  source: community-operators
  sourceNamespace: openshift-marketplace
