apiVersion: rbac.authorization.k8s.io/v1
kind: RoleBinding
metadata:
  annotations: {}
  labels:
    name: privileged
  name: privileged
  namespace: openshift-keepalived-operator
roleRef:
  apiGroup: rbac.authorization.k8s.io
  kind: ClusterRole
  name: system:openshift:scc:privileged
subjects:
  - kind: ServiceAccount
    name: default
    namespace: openshift-keepalived-operator
